Archive member included to satisfy reference by file (symbol)

c:/st/stm32cubeide_1.7.0/stm32cubeide/plugins/com.st.stm32cube.ide.mcu.externaltools.gnu-tools-for-stm32.9-2020-q2-update.win32_2.0.0.202105311346/tools/bin/../lib/gcc/arm-none-eabi/9.3.1/../../../../arm-none-eabi/lib/thumb/v7-m/nofp\libc_nano.a(lib_a-errno.o)
                              ./Core/Src/syscalls.o (__errno)
c:/st/stm32cubeide_1.7.0/stm32cubeide/plugins/com.st.stm32cube.ide.mcu.externaltools.gnu-tools-for-stm32.9-2020-q2-update.win32_2.0.0.202105311346/tools/bin/../lib/gcc/arm-none-eabi/9.3.1/../../../../arm-none-eabi/lib/thumb/v7-m/nofp\libc_nano.a(lib_a-exit.o)
                              c:/st/stm32cubeide_1.7.0/stm32cubeide/plugins/com.st.stm32cube.ide.mcu.externaltools.gnu-tools-for-stm32.9-2020-q2-update.win32_2.0.0.202105311346/tools/bin/../lib/gcc/arm-none-eabi/9.3.1/../../../../arm-none-eabi/lib/thumb/v7-m/nofp/crt0.o (exit)
c:/st/stm32cubeide_1.7.0/stm32cubeide/plugins/com.st.stm32cube.ide.mcu.externaltools.gnu-tools-for-stm32.9-2020-q2-update.win32_2.0.0.202105311346/tools/bin/../lib/gcc/arm-none-eabi/9.3.1/../../../../arm-none-eabi/lib/thumb/v7-m/nofp\libc_nano.a(lib_a-impure.o)
                              c:/st/stm32cubeide_1.7.0/stm32cubeide/plugins/com.st.stm32cube.ide.mcu.externaltools.gnu-tools-for-stm32.9-2020-q2-update.win32_2.0.0.202105311346/tools/bin/../lib/gcc/arm-none-eabi/9.3.1/../../../../arm-none-eabi/lib/thumb/v7-m/nofp\libc_nano.a(lib_a-exit.o) (_global_impure_ptr)
c:/st/stm32cubeide_1.7.0/stm32cubeide/plugins/com.st.stm32cube.ide.mcu.externaltools.gnu-tools-for-stm32.9-2020-q2-update.win32_2.0.0.202105311346/tools/bin/../lib/gcc/arm-none-eabi/9.3.1/../../../../arm-none-eabi/lib/thumb/v7-m/nofp\libc_nano.a(lib_a-init.o)
                              c:/st/stm32cubeide_1.7.0/stm32cubeide/plugins/com.st.stm32cube.ide.mcu.externaltools.gnu-tools-for-stm32.9-2020-q2-update.win32_2.0.0.202105311346/tools/bin/../lib/gcc/arm-none-eabi/9.3.1/../../../../arm-none-eabi/lib/thumb/v7-m/nofp/crt0.o (__libc_init_array)
c:/st/stm32cubeide_1.7.0/stm32cubeide/plugins/com.st.stm32cube.ide.mcu.externaltools.gnu-tools-for-stm32.9-2020-q2-update.win32_2.0.0.202105311346/tools/bin/../lib/gcc/arm-none-eabi/9.3.1/../../../../arm-none-eabi/lib/thumb/v7-m/nofp\libc_nano.a(lib_a-memset.o)
                              c:/st/stm32cubeide_1.7.0/stm32cubeide/plugins/com.st.stm32cube.ide.mcu.externaltools.gnu-tools-for-stm32.9-2020-q2-update.win32_2.0.0.202105311346/tools/bin/../lib/gcc/arm-none-eabi/9.3.1/../../../../arm-none-eabi/lib/thumb/v7-m/nofp/crt0.o (memset)

Allocating common symbols
Common symbol       size              file

KeyReg3             0x14              ./Core/Src/button.o
timer_counter       0x10              ./Core/Src/software_timer.o
KeyReg0             0x14              ./Core/Src/button.o
uwTick              0x4               ./Drivers/STM32F1xx_HAL_Driver/Src/stm32f1xx_hal.o
pFlash              0x20              ./Drivers/STM32F1xx_HAL_Driver/Src/stm32f1xx_hal_flash.o
KeyReg1             0x14              ./Core/Src/button.o
TimerForKeyPress    0x14              ./Core/Src/button.o
button_flag         0x14              ./Core/Src/button.o
KeyReg2             0x14              ./Core/Src/button.o
timer_flag          0x10              ./Core/Src/software_timer.o
htim2               0x48              ./Core/Src/main.o

Discarded input sections

 .text          0x0000000000000000        0x0 c:/st/stm32cubeide_1.7.0/stm32cubeide/plugins/com.st.stm32cube.ide.mcu.externaltools.gnu-tools-for-stm32.9-2020-q2-update.win32_2.0.0.202105311346/tools/bin/../lib/gcc/arm-none-eabi/9.3.1/thumb/v7-m/nofp/crti.o
 .data          0x0000000000000000        0x0 c:/st/stm32cubeide_1.7.0/stm32cubeide/plugins/com.st.stm32cube.ide.mcu.externaltools.gnu-tools-for-stm32.9-2020-q2-update.win32_2.0.0.202105311346/tools/bin/../lib/gcc/arm-none-eabi/9.3.1/thumb/v7-m/nofp/crti.o
 .bss           0x0000000000000000        0x0 c:/st/stm32cubeide_1.7.0/stm32cubeide/plugins/com.st.stm32cube.ide.mcu.externaltools.gnu-tools-for-stm32.9-2020-q2-update.win32_2.0.0.202105311346/tools/bin/../lib/gcc/arm-none-eabi/9.3.1/thumb/v7-m/nofp/crti.o
 .data          0x0000000000000000        0x4 c:/st/stm32cubeide_1.7.0/stm32cubeide/plugins/com.st.stm32cube.ide.mcu.externaltools.gnu-tools-for-stm32.9-2020-q2-update.win32_2.0.0.202105311346/tools/bin/../lib/gcc/arm-none-eabi/9.3.1/thumb/v7-m/nofp/crtbegin.o
 .text          0x0000000000000000       0x7c c:/st/stm32cubeide_1.7.0/stm32cubeide/plugins/com.st.stm32cube.ide.mcu.externaltools.gnu-tools-for-stm32.9-2020-q2-update.win32_2.0.0.202105311346/tools/bin/../lib/gcc/arm-none-eabi/9.3.1/../../../../arm-none-eabi/lib/thumb/v7-m/nofp/crt0.o
[...]
Memory Configuration

Name             Origin             Length             Attributes
RAM              0x0000000020000000 0x0000000000002800 xrw
FLASH            0x0000000008000000 0x0000000000008000 xr
*default*        0x0000000000000000 0xffffffffffffffff

Linker script and memory map

LOAD c:/st/stm32cubeide_1.7.0/stm32cubeide/plugins/com.st.stm32cube.ide.mcu.externaltools.gnu-tools-for-stm32.9-2020-q2-update.win32_2.0.0.202105311346/tools/bin/../lib/gcc/arm-none-eabi/9.3.1/thumb/v7-m/nofp/crti.o
LOAD c:/st/stm32cubeide_1.7.0/stm32cubeide/plugins/com.st.stm32cube.ide.mcu.externaltools.gnu-tools-for-stm32.9-2020-q2-update.win32_2.0.0.202105311346/tools/bin/../lib/gcc/arm-none-eabi/9.3.1/thumb/v7-m/nofp/crtbegin.o
LOAD c:/st/stm32cubeide_1.7.0/stm32cubeide/plugins/com.st.stm32cube.ide.mcu.externaltools.gnu-tools-for-stm32.9-2020-q2-update.win32_2.0.0.202105311346/tools/bin/../lib/gcc/arm-none-eabi/9.3.1/../../../../arm-none-eabi/lib/thumb/v7-m/nofp/crt0.o
LOAD ./Core/Src/button.o
LOAD ./Core/Src/fsm_automatic.o
LOAD ./Core/Src/fsm_manual.o
LOAD ./Core/Src/fsm_pedestrian.o
LOAD ./Core/Src/global.o
LOAD ./Core/Src/led_display.o
LOAD ./Core/Src/main.o
LOAD ./Core/Src/software_timer.o
LOAD ./Core/Src/stm32f1xx_hal_msp.o
LOAD ./Core/Src/stm32f1xx_it.o
LOAD ./Core/Src/syscalls.o
LOAD ./Core/Src/sysmem.o
LOAD ./Core/Src/system_stm32f1xx.o
LOAD ./Core/Startup/startup_stm32f103c6ux.o
LOAD ./Drivers/STM32F1xx_HAL_Driver/Src/stm32f1xx_hal.o
LOAD ./Drivers/STM32F1xx_HAL_Driver/Src/stm32f1xx_hal_cortex.o
LOAD ./Drivers/STM32F1xx_HAL_Driver/Src/stm32f1xx_hal_dma.o
LOAD ./Drivers/STM32F1xx_HAL_Driver/Src/stm32f1xx_hal_exti.o
LOAD ./Drivers/STM32F1xx_HAL_Driver/Src/stm32f1xx_hal_flash.o
LOAD ./Drivers/STM32F1xx_HAL_Driver/Src/stm32f1xx_hal_flash_ex.o
LOAD ./Drivers/STM32F1xx_HAL_Driver/Src/stm32f1xx_hal_gpio.o
LOAD ./Drivers/STM32F1xx_HAL_Driver/Src/stm32f1xx_hal_gpio_ex.o
LOAD ./Drivers/STM32F1xx_HAL_Driver/Src/stm32f1xx_hal_pwr.o
LOAD ./Drivers/STM32F1xx_HAL_Driver/Src/stm32f1xx_hal_rcc.o
LOAD ./Drivers/STM32F1xx_HAL_Driver/Src/stm32f1xx_hal_rcc_ex.o
LOAD ./Drivers/STM32F1xx_HAL_Driver/Src/stm32f1xx_hal_tim.o
LOAD ./Drivers/STM32F1xx_HAL_Driver/Src/stm32f1xx_hal_tim_ex.o
START GROUP
LOAD c:/st/stm32cubeide_1.7.0/stm32cubeide/plugins/com.st.stm32cube.ide.mcu.externaltools.gnu-tools-for-stm32.9-2020-q2-update.win32_2.0.0.202105311346/tools/bin/../lib/gcc/arm-none-eabi/9.3.1/../../../../arm-none-eabi/lib/thumb/v7-m/nofp\libc_nano.a
LOAD c:/st/stm32cubeide_1.7.0/stm32cubeide/plugins/com.st.stm32cube.ide.mcu.externaltools.gnu-tools-for-stm32.9-2020-q2-update.win32_2.0.0.202105311346/tools/bin/../lib/gcc/arm-none-eabi/9.3.1/../../../../arm-none-eabi/lib/thumb/v7-m/nofp\libm.a
END GROUP
START GROUP
LOAD c:/st/stm32cubeide_1.7.0/stm32cubeide/plugins/com.st.stm32cube.ide.mcu.externaltools.gnu-tools-for-stm32.9-2020-q2-update.win32_2.0.0.202105311346/tools/bin/../lib/gcc/arm-none-eabi/9.3.1/thumb/v7-m/nofp\libgcc.a
LOAD c:/st/stm32cubeide_1.7.0/stm32cubeide/plugins/com.st.stm32cube.ide.mcu.externaltools.gnu-tools-for-stm32.9-2020-q2-update.win32_2.0.0.202105311346/tools/bin/../lib/gcc/arm-none-eabi/9.3.1/../../../../arm-none-eabi/lib/thumb/v7-m/nofp\libc_nano.a
END GROUP
START GROUP
LOAD c:/st/stm32cubeide_1.7.0/stm32cubeide/plugins/com.st.stm32cube.ide.mcu.externaltools.gnu-tools-for-stm32.9-2020-q2-update.win32_2.0.0.202105311346/tools/bin/../lib/gcc/arm-none-eabi/9.3.1/thumb/v7-m/nofp\libgcc.a
LOAD c:/st/stm32cubeide_1.7.0/stm32cubeide/plugins/com.st.stm32cube.ide.mcu.externaltools.gnu-tools-for-stm32.9-2020-q2-update.win32_2.0.0.202105311346/tools/bin/../lib/gcc/arm-none-eabi/9.3.1/../../../../arm-none-eabi/lib/thumb/v7-m/nofp\libc_nano.a
LOAD c:/st/stm32cubeide_1.7.0/stm32cubeide/plugins/com.st.stm32cube.ide.mcu.externaltools.gnu-tools-for-stm32.9-2020-q2-update.win32_2.0.0.202105311346/tools/bin/../lib/gcc/arm-none-eabi/9.3.1/../../../../arm-none-eabi/lib/thumb/v7-m/nofp\libnosys.a
END GROUP
START GROUP
LOAD c:/st/stm32cubeide_1.7.0/stm32cubeide/plugins/com.st.stm32cube.ide.mcu.externaltools.gnu-tools-for-stm32.9-2020-q2-update.win32_2.0.0.202105311346/tools/bin/../lib/gcc/arm-none-eabi/9.3.1/thumb/v7-m/nofp\libgcc.a
LOAD c:/st/stm32cubeide_1.7.0/stm32cubeide/plugins/com.st.stm32cube.ide.mcu.externaltools.gnu-tools-for-stm32.9-2020-q2-update.win32_2.0.0.202105311346/tools/bin/../lib/gcc/arm-none-eabi/9.3.1/../../../../arm-none-eabi/lib/thumb/v7-m/nofp\libc_nano.a
LOAD c:/st/stm32cubeide_1.7.0/stm32cubeide/plugins/com.st.stm32cube.ide.mcu.externaltools.gnu-tools-for-stm32.9-2020-q2-update.win32_2.0.0.202105311346/tools/bin/../lib/gcc/arm-none-eabi/9.3.1/../../../../arm-none-eabi/lib/thumb/v7-m/nofp\libnosys.a
END GROUP
LOAD c:/st/stm32cubeide_1.7.0/stm32cubeide/plugins/com.st.stm32cube.ide.mcu.externaltools.gnu-tools-for-stm32.9-2020-q2-update.win32_2.0.0.202105311346/tools/bin/../lib/gcc/arm-none-eabi/9.3.1/thumb/v7-m/nofp/crtend.o
LOAD c:/st/stm32cubeide_1.7.0/stm32cubeide/plugins/com.st.stm32cube.ide.mcu.externaltools.gnu-tools-for-stm32.9-2020-q2-update.win32_2.0.0.202105311346/tools/bin/../lib/gcc/arm-none-eabi/9.3.1/thumb/v7-m/nofp/crtn.o
                0x0000000020002800                _estack = (ORIGIN (RAM) + LENGTH (RAM))
                0x0000000000000200                _Min_Heap_Size = 0x200
                0x0000000000000400                _Min_Stack_Size = 0x400

.isr_vector     0x0000000008000000      0x10c
                0x0000000008000000                . = ALIGN (0x4)
 *(.isr_vector)
 .isr_vector    0x0000000008000000      0x10c ./Core/Startup/startup_stm32f103c6ux.o
                0x0000000008000000                g_pfnVectors
                0x000000000800010c                . = ALIGN (0x4)

.text           0x000000000800010c     0x23e8
                0x000000000800010c                . = ALIGN (0x4)
 *(.text)
 .text          0x000000000800010c       0x40 c:/st/stm32cubeide_1.7.0/stm32cubeide/plugins/com.st.stm32cube.ide.mcu.externaltools.gnu-tools-for-stm32.9-2020-q2-update.win32_2.0.0.202105311346/tools/bin/../lib/gcc/arm-none-eabi/9.3.1/thumb/v7-m/nofp/crtbegin.o
 *(.text*)
 .text.getKeyInput
                0x000000000800014c      0x16c ./Core/Src/button.o
                0x000000000800014c                getKeyInput
 .text.isButtonPressed
                0x00000000080002b8       0x3c ./Core/Src/button.o
                0x00000000080002b8                isButtonPressed
 .text.subKeyProcess
                0x00000000080002f4       0x20 ./Core/Src/button.o
                0x00000000080002f4                subKeyProcess
 .text.Red_Green
                0x0000000008000314       0x58 ./Core/Src/fsm_automatic.o
                0x0000000008000314                Red_Green
 .text.Red_Amber
                0x000000000800036c       0x58 ./Core/Src/fsm_automatic.o
                0x000000000800036c                Red_Amber
 .text.Green_Red
                0x00000000080003c4       0x58 ./Core/Src/fsm_automatic.o
                0x00000000080003c4                Green_Red
 .text.Amber_Red
                0x000000000800041c       0x58 ./Core/Src/fsm_automatic.o
                0x000000000800041c                Amber_Red
 .text.light_Off
                0x0000000008000474       0x58 ./Core/Src/fsm_automatic.o
                0x0000000008000474                light_Off
 .text.handleButtonProcess
                0x00000000080004cc      0x1a8 ./Core/Src/fsm_automatic.o
                0x00000000080004cc                handleButtonProcess
 .text.fsm_automatic_run
                0x0000000008000674      0x188 ./Core/Src/fsm_automatic.o
                0x0000000008000674                fsm_automatic_run
 .text.fsm_manual_run
                0x00000000080007fc      0x180 ./Core/Src/fsm_manual.o
                0x00000000080007fc                fsm_manual_run
 .text.PedestrianRed
                0x000000000800097c       0x28 ./Core/Src/fsm_pedestrian.o
                0x000000000800097c                PedestrianRed
 .text.PedestrianGreen
                0x00000000080009a4       0x28 ./Core/Src/fsm_pedestrian.o
                0x00000000080009a4                PedestrianGreen
 .text.PedestrianInvalid
                0x00000000080009cc       0x28 ./Core/Src/fsm_pedestrian.o
                0x00000000080009cc                PedestrianInvalid
 .text.fsm_pedestrian_run
                0x00000000080009f4       0x50 ./Core/Src/fsm_pedestrian.o
                0x00000000080009f4                fsm_pedestrian_run
 .text.main     0x0000000008000a44       0x2c ./Core/Src/main.o
                0x0000000008000a44                main
 .text.SystemClock_Config
                0x0000000008000a70       0x76 ./Core/Src/main.o
                0x0000000008000a70                SystemClock_Config
 *fill*         0x0000000008000ae6        0x2 
 .text.MX_TIM2_Init
                0x0000000008000ae8       0x98 ./Core/Src/main.o
 .text.MX_GPIO_Init
                0x0000000008000b80       0xdc ./Core/Src/main.o
 .text.HAL_TIM_PeriodElapsedCallback
                0x0000000008000c5c       0x18 ./Core/Src/main.o
                0x0000000008000c5c                HAL_TIM_PeriodElapsedCallback
 .text.Error_Handler
                0x0000000008000c74        0xa ./Core/Src/main.o
                0x0000000008000c74                Error_Handler
 *fill*         0x0000000008000c7e        0x2 
 .text.setTimer
                0x0000000008000c80       0x40 ./Core/Src/software_timer.o
                0x0000000008000c80                setTimer
 .text.timerRun
                0x0000000008000cc0       0x60 ./Core/Src/software_timer.o
                0x0000000008000cc0                timerRun
 .text.HAL_MspInit
                0x0000000008000d20       0x64 ./Core/Src/stm32f1xx_hal_msp.o
                0x0000000008000d20                HAL_MspInit
 .text.HAL_TIM_Base_MspInit
                0x0000000008000d84       0x48 ./Core/Src/stm32f1xx_hal_msp.o
                0x0000000008000d84                HAL_TIM_Base_MspInit
 .text.NMI_Handler
                0x0000000008000dcc        0x6 ./Core/Src/stm32f1xx_it.o
                0x0000000008000dcc                NMI_Handler
 .text.HardFault_Handler
                0x0000000008000dd2        0x6 ./Core/Src/stm32f1xx_it.o
                0x0000000008000dd2                HardFault_Handler
 .text.MemManage_Handler
                0x0000000008000dd8        0x6 ./Core/Src/stm32f1xx_it.o
                0x0000000008000dd8                MemManage_Handler
 .text.BusFault_Handler
                0x0000000008000dde        0x6 ./Core/Src/stm32f1xx_it.o
                0x0000000008000dde                BusFault_Handler
 .text.UsageFault_Handler
                0x0000000008000de4        0x6 ./Core/Src/stm32f1xx_it.o
                0x0000000008000de4                UsageFault_Handler
 .text.SVC_Handler
                0x0000000008000dea        0xc ./Core/Src/stm32f1xx_it.o
                0x0000000008000dea                SVC_Handler
 .text.DebugMon_Handler
                0x0000000008000df6        0xc ./Core/Src/stm32f1xx_it.o
                0x0000000008000df6                DebugMon_Handler
 .text.PendSV_Handler
                0x0000000008000e02        0xc ./Core/Src/stm32f1xx_it.o
                0x0000000008000e02                PendSV_Handler
 .text.SysTick_Handler
                0x0000000008000e0e        0xc ./Core/Src/stm32f1xx_it.o
                0x0000000008000e0e                SysTick_Handler
 *fill*         0x0000000008000e1a        0x2 
 .text.TIM2_IRQHandler
                0x0000000008000e1c       0x14 ./Core/Src/stm32f1xx_it.o
                0x0000000008000e1c                TIM2_IRQHandler
 .text.SystemInit
                0x0000000008000e30        0xc ./Core/Src/system_stm32f1xx.o
                0x0000000008000e30                SystemInit
 .text.Reset_Handler
                0x0000000008000e3c       0x48 ./Core/Startup/startup_stm32f103c6ux.o
                0x0000000008000e3c                Reset_Handler
 .text.Default_Handler
                0x0000000008000e84        0x2 ./Core/Startup/startup_stm32f103c6ux.o
                0x0000000008000e84                RTC_Alarm_IRQHandler
                0x0000000008000e84                EXTI2_IRQHandler
                0x0000000008000e84                TIM1_CC_IRQHandler
                0x0000000008000e84                PVD_IRQHandler
                0x0000000008000e84                EXTI3_IRQHandler
                0x0000000008000e84                EXTI0_IRQHandler
                0x0000000008000e84                ADC1_2_IRQHandler
                0x0000000008000e84                SPI1_IRQHandler
                0x0000000008000e84                TAMPER_IRQHandler
                0x0000000008000e84                DMA1_Channel4_IRQHandler
                0x0000000008000e84                RTC_IRQHandler
                0x0000000008000e84                DMA1_Channel7_IRQHandler
                0x0000000008000e84                CAN1_RX1_IRQHandler
                0x0000000008000e84                I2C1_EV_IRQHandler
                0x0000000008000e84                DMA1_Channel6_IRQHandler
                0x0000000008000e84                TIM3_IRQHandler
                0x0000000008000e84                RCC_IRQHandler
                0x0000000008000e84                TIM1_TRG_COM_IRQHandler
                0x0000000008000e84                DMA1_Channel1_IRQHandler
                0x0000000008000e84                Default_Handler
                0x0000000008000e84                EXTI15_10_IRQHandler
                0x0000000008000e84                EXTI9_5_IRQHandler
                0x0000000008000e84                DMA1_Channel5_IRQHandler
                0x0000000008000e84                EXTI4_IRQHandler
                0x0000000008000e84                USB_LP_CAN1_RX0_IRQHandler
                0x0000000008000e84                USB_HP_CAN1_TX_IRQHandler
                0x0000000008000e84                DMA1_Channel3_IRQHandler
                0x0000000008000e84                TIM1_UP_IRQHandler
                0x0000000008000e84                WWDG_IRQHandler
                0x0000000008000e84                TIM1_BRK_IRQHandler
                0x0000000008000e84                EXTI1_IRQHandler
                0x0000000008000e84                USART2_IRQHandler
                0x0000000008000e84                DMA1_Channel2_IRQHandler
                0x0000000008000e84                CAN1_SCE_IRQHandler
                0x0000000008000e84                FLASH_IRQHandler
                0x0000000008000e84                USART1_IRQHandler
                0x0000000008000e84                I2C1_ER_IRQHandler
                0x0000000008000e84                USBWakeUp_IRQHandler
 *fill*         0x0000000008000e86        0x2 
 .text.HAL_Init
                0x0000000008000e88       0x2c ./Drivers/STM32F1xx_HAL_Driver/Src/stm32f1xx_hal.o
                0x0000000008000e88                HAL_Init
 .text.HAL_InitTick
                0x0000000008000eb4       0x60 ./Drivers/STM32F1xx_HAL_Driver/Src/stm32f1xx_hal.o
                0x0000000008000eb4                HAL_InitTick
 .text.HAL_IncTick
                0x0000000008000f14       0x24 ./Drivers/STM32F1xx_HAL_Driver/Src/stm32f1xx_hal.o
                0x0000000008000f14                HAL_IncTick
 .text.HAL_GetTick
                0x0000000008000f38       0x14 ./Drivers/STM32F1xx_HAL_Driver/Src/stm32f1xx_hal.o
                0x0000000008000f38                HAL_GetTick
 .text.__NVIC_SetPriorityGrouping
                0x0000000008000f4c       0x48 ./Drivers/STM32F1xx_HAL_Driver/Src/stm32f1xx_hal_cortex.o
 .text.__NVIC_GetPriorityGrouping
                0x0000000008000f94       0x1c ./Drivers/STM32F1xx_HAL_Driver/Src/stm32f1xx_hal_cortex.o
 .text.__NVIC_EnableIRQ
                0x0000000008000fb0       0x38 ./Drivers/STM32F1xx_HAL_Driver/Src/stm32f1xx_hal_cortex.o
 .text.__NVIC_SetPriority
                0x0000000008000fe8       0x54 ./Drivers/STM32F1xx_HAL_Driver/Src/stm32f1xx_hal_cortex.o
 .text.NVIC_EncodePriority
                0x000000000800103c       0x64 ./Drivers/STM32F1xx_HAL_Driver/Src/stm32f1xx_hal_cortex.o
 .text.SysTick_Config
                0x00000000080010a0       0x44 ./Drivers/STM32F1xx_HAL_Driver/Src/stm32f1xx_hal_cortex.o
 .text.HAL_NVIC_SetPriorityGrouping
                0x00000000080010e4       0x16 ./Drivers/STM32F1xx_HAL_Driver/Src/stm32f1xx_hal_cortex.o
                0x00000000080010e4                HAL_NVIC_SetPriorityGrouping
 .text.HAL_NVIC_SetPriority
                0x00000000080010fa       0x38 ./Drivers/STM32F1xx_HAL_Driver/Src/stm32f1xx_hal_cortex.o
                0x00000000080010fa                HAL_NVIC_SetPriority
 .text.HAL_NVIC_EnableIRQ
                0x0000000008001132       0x1c ./Drivers/STM32F1xx_HAL_Driver/Src/stm32f1xx_hal_cortex.o
                0x0000000008001132                HAL_NVIC_EnableIRQ
 .text.HAL_SYSTICK_Config
                0x000000000800114e       0x18 ./Drivers/STM32F1xx_HAL_Driver/Src/stm32f1xx_hal_cortex.o
                0x000000000800114e                HAL_SYSTICK_Config
 *fill*         0x0000000008001166        0x2 
 .text.HAL_GPIO_Init
                0x0000000008001168      0x2f4 ./Drivers/STM32F1xx_HAL_Driver/Src/stm32f1xx_hal_gpio.o
                0x0000000008001168                HAL_GPIO_Init
 .text.HAL_GPIO_ReadPin
                0x000000000800145c       0x2e ./Drivers/STM32F1xx_HAL_Driver/Src/stm32f1xx_hal_gpio.o
                0x000000000800145c                HAL_GPIO_ReadPin
 .text.HAL_GPIO_WritePin
                0x000000000800148a       0x30 ./Drivers/STM32F1xx_HAL_Driver/Src/stm32f1xx_hal_gpio.o
                0x000000000800148a                HAL_GPIO_WritePin
 .text.HAL_GPIO_TogglePin
                0x00000000080014ba       0x32 ./Drivers/STM32F1xx_HAL_Driver/Src/stm32f1xx_hal_gpio.o
                0x00000000080014ba                HAL_GPIO_TogglePin
 .text.HAL_RCC_OscConfig
                0x00000000080014ec      0x500 ./Drivers/STM32F1xx_HAL_Driver/Src/stm32f1xx_hal_rcc.o
                0x00000000080014ec                HAL_RCC_OscConfig
 .text.HAL_RCC_ClockConfig
                0x00000000080019ec      0x1d4 ./Drivers/STM32F1xx_HAL_Driver/Src/stm32f1xx_hal_rcc.o
                0x00000000080019ec                HAL_RCC_ClockConfig
 .text.HAL_RCC_GetSysClockFreq
                0x0000000008001bc0       0xc0 ./Drivers/STM32F1xx_HAL_Driver/Src/stm32f1xx_hal_rcc.o
                0x0000000008001bc0                HAL_RCC_GetSysClockFreq
 .text.RCC_Delay
                0x0000000008001c80       0x3c ./Drivers/STM32F1xx_HAL_Driver/Src/stm32f1xx_hal_rcc.o
 .text.HAL_TIM_Base_Init
                0x0000000008001cbc       0x9e ./Drivers/STM32F1xx_HAL_Driver/Src/stm32f1xx_hal_tim.o
                0x0000000008001cbc                HAL_TIM_Base_Init
 *fill*         0x0000000008001d5a        0x2 
 .text.HAL_TIM_Base_Start_IT
                0x0000000008001d5c       0x98 ./Drivers/STM32F1xx_HAL_Driver/Src/stm32f1xx_hal_tim.o
                0x0000000008001d5c                HAL_TIM_Base_Start_IT
 .text.HAL_TIM_IRQHandler
                0x0000000008001df4      0x210 ./Drivers/STM32F1xx_HAL_Driver/Src/stm32f1xx_hal_tim.o
                0x0000000008001df4                HAL_TIM_IRQHandler
 .text.HAL_TIM_ConfigClockSource
                0x0000000008002004      0x188 ./Drivers/STM32F1xx_HAL_Driver/Src/stm32f1xx_hal_tim.o
                0x0000000008002004                HAL_TIM_ConfigClockSource
 .text.HAL_TIM_OC_DelayElapsedCallback
                0x000000000800218c       0x12 ./Drivers/STM32F1xx_HAL_Driver/Src/stm32f1xx_hal_tim.o
                0x000000000800218c                HAL_TIM_OC_DelayElapsedCallback
 .text.HAL_TIM_IC_CaptureCallback
                0x000000000800219e       0x12 ./Drivers/STM32F1xx_HAL_Driver/Src/stm32f1xx_hal_tim.o
                0x000000000800219e                HAL_TIM_IC_CaptureCallback
 .text.HAL_TIM_PWM_PulseFinishedCallback
                0x00000000080021b0       0x12 ./Drivers/STM32F1xx_HAL_Driver/Src/stm32f1xx_hal_tim.o
                0x00000000080021b0                HAL_TIM_PWM_PulseFinishedCallback
 .text.HAL_TIM_TriggerCallback
                0x00000000080021c2       0x12 ./Drivers/STM32F1xx_HAL_Driver/Src/stm32f1xx_hal_tim.o
                0x00000000080021c2                HAL_TIM_TriggerCallback
 .text.TIM_Base_SetConfig
                0x00000000080021d4       0xb0 ./Drivers/STM32F1xx_HAL_Driver/Src/stm32f1xx_hal_tim.o
                0x00000000080021d4                TIM_Base_SetConfig
 .text.TIM_TI1_ConfigInputStage
                0x0000000008002284       0x5c ./Drivers/STM32F1xx_HAL_Driver/Src/stm32f1xx_hal_tim.o
 .text.TIM_TI2_ConfigInputStage
                0x00000000080022e0       0x5e ./Drivers/STM32F1xx_HAL_Driver/Src/stm32f1xx_hal_tim.o
 .text.TIM_ITRx_SetConfig
                0x000000000800233e       0x34 ./Drivers/STM32F1xx_HAL_Driver/Src/stm32f1xx_hal_tim.o
 .text.TIM_ETR_SetConfig
                0x0000000008002372       0x3e ./Drivers/STM32F1xx_HAL_Driver/Src/stm32f1xx_hal_tim.o
                0x0000000008002372                TIM_ETR_SetConfig
 .text.HAL_TIMEx_MasterConfigSynchronization
                0x00000000080023b0       0xb0 ./Drivers/STM32F1xx_HAL_Driver/Src/stm32f1xx_hal_tim_ex.o
                0x00000000080023b0                HAL_TIMEx_MasterConfigSynchronization
 .text.HAL_TIMEx_CommutCallback
                0x0000000008002460       0x12 ./Drivers/STM32F1xx_HAL_Driver/Src/stm32f1xx_hal_tim_ex.o
                0x0000000008002460                HAL_TIMEx_CommutCallback
 .text.HAL_TIMEx_BreakCallback
                0x0000000008002472       0x12 ./Drivers/STM32F1xx_HAL_Driver/Src/stm32f1xx_hal_tim_ex.o
                0x0000000008002472                HAL_TIMEx_BreakCallback
 .text.__libc_init_array
                0x0000000008002484       0x48 c:/st/stm32cubeide_1.7.0/stm32cubeide/plugins/com.st.stm32cube.ide.mcu.externaltools.gnu-tools-for-stm32.9-2020-q2-update.win32_2.0.0.202105311346/tools/bin/../lib/gcc/arm-none-eabi/9.3.1/../../../../arm-none-eabi/lib/thumb/v7-m/nofp\libc_nano.a(lib_a-init.o)
                0x0000000008002484                __libc_init_array
 .text.memset   0x00000000080024cc       0x10 c:/st/stm32cubeide_1.7.0/stm32cubeide/plugins/com.st.stm32cube.ide.mcu.externaltools.gnu-tools-for-stm32.9-2020-q2-update.win32_2.0.0.202105311346/tools/bin/../lib/gcc/arm-none-eabi/9.3.1/../../../../arm-none-eabi/lib/thumb/v7-m/nofp\libc_nano.a(lib_a-memset.o)
                0x00000000080024cc                memset
 *(.glue_7)
 .glue_7        0x00000000080024dc        0x0 linker stubs
 *(.glue_7t)
 .glue_7t       0x00000000080024dc        0x0 linker stubs
 *(.eh_frame)
 .eh_frame      0x00000000080024dc        0x0 c:/st/stm32cubeide_1.7.0/stm32cubeide/plugins/com.st.stm32cube.ide.mcu.externaltools.gnu-tools-for-stm32.9-2020-q2-update.win32_2.0.0.202105311346/tools/bin/../lib/gcc/arm-none-eabi/9.3.1/thumb/v7-m/nofp/crtbegin.o
 *(.init)
 .init          0x00000000080024dc        0x4 c:/st/stm32cubeide_1.7.0/stm32cubeide/plugins/com.st.stm32cube.ide.mcu.externaltools.gnu-tools-for-stm32.9-2020-q2-update.win32_2.0.0.202105311346/tools/bin/../lib/gcc/arm-none-eabi/9.3.1/thumb/v7-m/nofp/crti.o
                0x00000000080024dc                _init
 .init          0x00000000080024e0        0x8 c:/st/stm32cubeide_1.7.0/stm32cubeide/plugins/com.st.stm32cube.ide.mcu.externaltools.gnu-tools-for-stm32.9-2020-q2-update.win32_2.0.0.202105311346/tools/bin/../lib/gcc/arm-none-eabi/9.3.1/thumb/v7-m/nofp/crtn.o
 *(.fini)
 .fini          0x00000000080024e8        0x4 c:/st/stm32cubeide_1.7.0/stm32cubeide/plugins/com.st.stm32cube.ide.mcu.externaltools.gnu-tools-for-stm32.9-2020-q2-update.win32_2.0.0.202105311346/tools/bin/../lib/gcc/arm-none-eabi/9.3.1/thumb/v7-m/nofp/crti.o
                0x00000000080024e8                _fini
 .fini          0x00000000080024ec        0x8 c:/st/stm32cubeide_1.7.0/stm32cubeide/plugins/com.st.stm32cube.ide.mcu.externaltools.gnu-tools-for-stm32.9-2020-q2-update.win32_2.0.0.202105311346/tools/bin/../lib/gcc/arm-none-eabi/9.3.1/thumb/v7-m/nofp/crtn.o
                0x00000000080024f4                . = ALIGN (0x4)
                0x00000000080024f4                _etext = .

.vfp11_veneer   0x00000000080024f4        0x0
 .vfp11_veneer  0x00000000080024f4        0x0 linker stubs

.v4_bx          0x00000000080024f4        0x0
 .v4_bx         0x00000000080024f4        0x0 linker stubs

.iplt           0x00000000080024f4        0x0
 .iplt          0x00000000080024f4        0x0 c:/st/stm32cubeide_1.7.0/stm32cubeide/plugins/com.st.stm32cube.ide.mcu.externaltools.gnu-tools-for-stm32.9-2020-q2-update.win32_2.0.0.202105311346/tools/bin/../lib/gcc/arm-none-eabi/9.3.1/thumb/v7-m/nofp/crtbegin.o

.rodata         0x00000000080024f4       0x20
                0x00000000080024f4                . = ALIGN (0x4)
 *(.rodata)
 .rodata        0x00000000080024f4       0x10 ./Drivers/STM32F1xx_HAL_Driver/Src/stm32f1xx_hal_rcc.o
 *(.rodata*)
 .rodata.AHBPrescTable
                0x0000000008002504       0x10 ./Core/Src/system_stm32f1xx.o
                0x0000000008002504                AHBPrescTable
                0x0000000008002514                . = ALIGN (0x4)

.rel.dyn        0x0000000008002514        0x0
 .rel.iplt      0x0000000008002514        0x0 c:/st/stm32cubeide_1.7.0/stm32cubeide/plugins/com.st.stm32cube.ide.mcu.externaltools.gnu-tools-for-stm32.9-2020-q2-update.win32_2.0.0.202105311346/tools/bin/../lib/gcc/arm-none-eabi/9.3.1/thumb/v7-m/nofp/crtbegin.o

.ARM.extab      0x0000000008002514        0x0
                0x0000000008002514                . = ALIGN (0x4)
 *(.ARM.extab* .gnu.linkonce.armextab.*)
                0x0000000008002514                . = ALIGN (0x4)

.ARM            0x0000000008002514        0x0
                0x0000000008002514                . = ALIGN (0x4)
                0x0000000008002514                __exidx_start = .
 *(.ARM.exidx*)
                0x0000000008002514                __exidx_end = .
                0x0000000008002514                . = ALIGN (0x4)

.preinit_array  0x0000000008002514        0x0
                0x0000000008002514                . = ALIGN (0x4)
                0x0000000008002514                PROVIDE (__preinit_array_start = .)
 *(.preinit_array*)
                0x0000000008002514                PROVIDE (__preinit_array_end = .)
                0x0000000008002514                . = ALIGN (0x4)

.init_array     0x0000000008002514        0x4
                0x0000000008002514                . = ALIGN (0x4)
                0x0000000008002514                PROVIDE (__init_array_start = .)
 *(SORT_BY_NAME(.init_array.*))
 *(.init_array*)
 .init_array    0x0000000008002514        0x4 c:/st/stm32cubeide_1.7.0/stm32cubeide/plugins/com.st.stm32cube.ide.mcu.externaltools.gnu-tools-for-stm32.9-2020-q2-update.win32_2.0.0.202105311346/tools/bin/../lib/gcc/arm-none-eabi/9.3.1/thumb/v7-m/nofp/crtbegin.o
                0x0000000008002518                PROVIDE (__init_array_end = .)
                0x0000000008002518                . = ALIGN (0x4)

.fini_array     0x0000000008002518        0x4
                0x0000000008002518                . = ALIGN (0x4)
                [!provide]                        PROVIDE (__fini_array_start = .)
 *(SORT_BY_NAME(.fini_array.*))
 *(.fini_array*)
 .fini_array    0x0000000008002518        0x4 c:/st/stm32cubeide_1.7.0/stm32cubeide/plugins/com.st.stm32cube.ide.mcu.externaltools.gnu-tools-for-stm32.9-2020-q2-update.win32_2.0.0.202105311346/tools/bin/../lib/gcc/arm-none-eabi/9.3.1/thumb/v7-m/nofp/crtbegin.o
                [!provide]                        PROVIDE (__fini_array_end = .)
                0x000000000800251c                . = ALIGN (0x4)
                0x000000000800251c                _sidata = LOADADDR (.data)

.data           0x0000000020000000       0x20 load address 0x000000000800251c
                0x0000000020000000                . = ALIGN (0x4)
                0x0000000020000000                _sdata = .
 *(.data)
 *(.data*)
 .data.status   0x0000000020000000        0x4 ./Core/Src/global.o
                0x0000000020000000                status
 .data.pedestrian_status
                0x0000000020000004        0x4 ./Core/Src/global.o
                0x0000000020000004                pedestrian_status
 .data.red_counter
                0x0000000020000008        0x4 ./Core/Src/global.o
                0x0000000020000008                red_counter
 .data.amber_counter
                0x000000002000000c        0x4 ./Core/Src/global.o
                0x000000002000000c                amber_counter
 .data.green_counter
                0x0000000020000010        0x4 ./Core/Src/global.o
                0x0000000020000010                green_counter
 .data.SystemCoreClock
                0x0000000020000014        0x4 ./Core/Src/system_stm32f1xx.o
                0x0000000020000014                SystemCoreClock
 .data.uwTickPrio
                0x0000000020000018        0x4 ./Drivers/STM32F1xx_HAL_Driver/Src/stm32f1xx_hal.o
                0x0000000020000018                uwTickPrio
 .data.uwTickFreq
                0x000000002000001c        0x1 ./Drivers/STM32F1xx_HAL_Driver/Src/stm32f1xx_hal.o
                0x000000002000001c                uwTickFreq
 *(.RamFunc)
 *(.RamFunc*)
                0x0000000020000020                . = ALIGN (0x4)
 *fill*         0x000000002000001d        0x3 
                0x0000000020000020                _edata = .

.igot.plt       0x0000000020000020        0x0 load address 0x000000000800253c
 .igot.plt      0x0000000020000020        0x0 c:/st/stm32cubeide_1.7.0/stm32cubeide/plugins/com.st.stm32cube.ide.mcu.externaltools.gnu-tools-for-stm32.9-2020-q2-update.win32_2.0.0.202105311346/tools/bin/../lib/gcc/arm-none-eabi/9.3.1/thumb/v7-m/nofp/crtbegin.o
                0x0000000020000020                . = ALIGN (0x4)

.bss            0x0000000020000020      0x104 load address 0x000000000800253c
                0x0000000020000020                _sbss = .
                0x0000000020000020                __bss_start__ = _sbss
 *(.bss)
 .bss           0x0000000020000020       0x1c c:/st/stm32cubeide_1.7.0/stm32cubeide/plugins/com.st.stm32cube.ide.mcu.externaltools.gnu-tools-for-stm32.9-2020-q2-update.win32_2.0.0.202105311346/tools/bin/../lib/gcc/arm-none-eabi/9.3.1/thumb/v7-m/nofp/crtbegin.o
 *(.bss*)
 .bss.time_modify_counter
                0x000000002000003c        0x4 ./Core/Src/global.o
                0x000000002000003c                time_modify_counter
 *(COMMON)
 COMMON         0x0000000020000040       0x78 ./Core/Src/button.o
                0x0000000020000040                KeyReg3
                0x0000000020000054                KeyReg0
                0x0000000020000068                KeyReg1
                0x000000002000007c                TimerForKeyPress
                0x0000000020000090                button_flag
                0x00000000200000a4                KeyReg2
 COMMON         0x00000000200000b8       0x48 ./Core/Src/main.o
                0x00000000200000b8                htim2
 COMMON         0x0000000020000100       0x20 ./Core/Src/software_timer.o
                0x0000000020000100                timer_counter
                0x0000000020000110                timer_flag
 COMMON         0x0000000020000120        0x4 ./Drivers/STM32F1xx_HAL_Driver/Src/stm32f1xx_hal.o
                0x0000000020000120                uwTick
                0x0000000020000124                . = ALIGN (0x4)
                0x0000000020000124                _ebss = .
                0x0000000020000124                __bss_end__ = _ebss

._user_heap_stack
                0x0000000020000124      0x604 load address 0x000000000800253c
                0x0000000020000128                . = ALIGN (0x8)
 *fill*         0x0000000020000124        0x4 
                [!provide]                        PROVIDE (end = .)
                0x0000000020000128                PROVIDE (_end = .)
                0x0000000020000328                . = (. + _Min_Heap_Size)
 *fill*         0x0000000020000128      0x200 
                0x0000000020000728                . = (. + _Min_Stack_Size)
 *fill*         0x0000000020000328      0x400 
                0x0000000020000728                . = ALIGN (0x8)

/DISCARD/
 libc.a(*)
 libm.a(*)
 libgcc.a(*)

.ARM.attributes
                0x0000000000000000       0x29
 *(.ARM.attributes)
 .ARM.attributes
                0x0000000000000000       0x1d c:/st/stm32cubeide_1.7.0/stm32cubeide/plugins/com.st.stm32cube.ide.mcu.externaltools.gnu-tools-for-stm32.9-2020-q2-update.win32_2.0.0.202105311346/tools/bin/../lib/gcc/arm-none-eabi/9.3.1/thumb/v7-m/nofp/crti.o
 .ARM.attributes
                0x000000000000001d       0x2d c:/st/stm32cubeide_1.7.0/stm32cubeide/plugins/com.st.stm32cube.ide.mcu.externaltools.gnu-tools-for-stm32.9-2020-q2-update.win32_2.0.0.202105311346/tools/bin/../lib/gcc/arm-none-eabi/9.3.1/thumb/v7-m/nofp/crtbegin.o
 .ARM.attributes
                0x000000000000004a       0x2d ./Core/Src/button.o
 .ARM.attributes
                0x0000000000000077       0x2d ./Core/Src/fsm_automatic.o
 .ARM.attributes
                0x00000000000000a4       0x2d ./Core/Src/fsm_manual.o
 .ARM.attributes
                0x00000000000000d1       0x2d ./Core/Src/fsm_pedestrian.o
 .ARM.attributes
                0x00000000000000fe       0x33 ./Core/Src/global.o
 .ARM.attributes
                0x0000000000000131       0x2d ./Core/Src/main.o
 .ARM.attributes
                0x000000000000015e       0x2d ./Core/Src/software_timer.o
 .ARM.attributes
                0x000000000000018b       0x2d ./Core/Src/stm32f1xx_hal_msp.o
 .ARM.attributes
                0x00000000000001b8       0x2d ./Core/Src/stm32f1xx_it.o
 .ARM.attributes
                0x00000000000001e5       0x2d ./Core/Src/system_stm32f1xx.o
 .ARM.attributes
                0x0000000000000212       0x21 ./Core/Startup/startup_stm32f103c6ux.o
 .ARM.attributes
                0x0000000000000233       0x2d ./Drivers/STM32F1xx_HAL_Driver/Src/stm32f1xx_hal.o
 .ARM.attributes
                0x0000000000000260       0x2d ./Drivers/STM32F1xx_HAL_Driver/Src/stm32f1xx_hal_cortex.o
 .ARM.attributes
                0x000000000000028d       0x2d ./Drivers/STM32F1xx_HAL_Driver/Src/stm32f1xx_hal_gpio.o
 .ARM.attributes
                0x00000000000002ba       0x2d ./Drivers/STM32F1xx_HAL_Driver/Src/stm32f1xx_hal_rcc.o
 .ARM.attributes
                0x00000000000002e7       0x2d ./Drivers/STM32F1xx_HAL_Driver/Src/stm32f1xx_hal_tim.o
 .ARM.attributes
                0x0000000000000314       0x2d ./Drivers/STM32F1xx_HAL_Driver/Src/stm32f1xx_hal_tim_ex.o
 .ARM.attributes
                0x0000000000000341       0x2d c:/st/stm32cubeide_1.7.0/stm32cubeide/plugins/com.st.stm32cube.ide.mcu.externaltools.gnu-tools-for-stm32.9-2020-q2-update.win32_2.0.0.202105311346/tools/bin/../lib/gcc/arm-none-eabi/9.3.1/../../../../arm-none-eabi/lib/thumb/v7-m/nofp\libc_nano.a(lib_a-init.o)
 .ARM.attributes
                0x000000000000036e       0x2d c:/st/stm32cubeide_1.7.0/stm32cubeide/plugins/com.st.stm32cube.ide.mcu.externaltools.gnu-tools-for-stm32.9-2020-q2-update.win32_2.0.0.202105311346/tools/bin/../lib/gcc/arm-none-eabi/9.3.1/../../../../arm-none-eabi/lib/thumb/v7-m/nofp\libc_nano.a(lib_a-memset.o)
 .ARM.attributes
                0x000000000000039b       0x1d c:/st/stm32cubeide_1.7.0/stm32cubeide/plugins/com.st.stm32cube.ide.mcu.externaltools.gnu-tools-for-stm32.9-2020-q2-update.win32_2.0.0.202105311346/tools/bin/../lib/gcc/arm-none-eabi/9.3.1/thumb/v7-m/nofp/crtn.o
OUTPUT(assignment-simulation.elf elf32-littlearm)
LOAD linker stubs
LOAD c:/st/stm32cubeide_1.7.0/stm32cubeide/plugins/com.st.stm32cube.ide.mcu.externaltools.gnu-tools-for-stm32.9-2020-q2-update.win32_2.0.0.202105311346/tools/bin/../lib/gcc/arm-none-eabi/9.3.1/../../../../arm-none-eabi/lib/thumb/v7-m/nofp\libc.a
LOAD c:/st/stm32cubeide_1.7.0/stm32cubeide/plugins/com.st.stm32cube.ide.mcu.externaltools.gnu-tools-for-stm32.9-2020-q2-update.win32_2.0.0.202105311346/tools/bin/../lib/gcc/arm-none-eabi/9.3.1/../../../../arm-none-eabi/lib/thumb/v7-m/nofp\libm.a
LOAD c:/st/stm32cubeide_1.7.0/stm32cubeide/plugins/com.st.stm32cube.ide.mcu.externaltools.gnu-tools-for-stm32.9-2020-q2-update.win32_2.0.0.202105311346/tools/bin/../lib/gcc/arm-none-eabi/9.3.1/thumb/v7-m/nofp\libgcc.a

.debug_info     0x0000000000000000     0x9546
 .debug_info    0x0000000000000000      0x3d6 ./Core/Src/button.o
 .debug_info    0x00000000000003d6      0x34b ./Core/Src/fsm_automatic.o
 .debug_info    0x0000000000000721      0x3a9 ./Core/Src/fsm_manual.o
 .debug_info    0x0000000000000aca      0x330 ./Core/Src/fsm_pedestrian.o
 .debug_info    0x0000000000000dfa      0x258 ./Core/Src/global.o
 .debug_info    0x0000000000001052      0xc1c ./Core/Src/main.o
 .debug_info    0x0000000000001c6e      0x28d ./Core/Src/software_timer.o
 .debug_info    0x0000000000001efb      0xa04 ./Core/Src/stm32f1xx_hal_msp.o
 .debug_info    0x00000000000028ff      0x7b4 ./Core/Src/stm32f1xx_it.o
 .debug_info    0x00000000000030b3      0x2be ./Core/Src/system_stm32f1xx.o
 .debug_info    0x0000000000003371       0x22 ./Core/Startup/startup_stm32f103c6ux.o
 .debug_info    0x0000000000003393      0x74c ./Drivers/STM32F1xx_HAL_Driver/Src/stm32f1xx_hal.o
 .debug_info    0x0000000000003adf      0xbbe ./Drivers/STM32F1xx_HAL_Driver/Src/stm32f1xx_hal_cortex.o
 .debug_info    0x000000000000469d      0x701 ./Drivers/STM32F1xx_HAL_Driver/Src/stm32f1xx_hal_gpio.o
 .debug_info    0x0000000000004d9e      0x88e ./Drivers/STM32F1xx_HAL_Driver/Src/stm32f1xx_hal_rcc.o
 .debug_info    0x000000000000562c     0x2a45 ./Drivers/STM32F1xx_HAL_Driver/Src/stm32f1xx_hal_tim.o
 .debug_info    0x0000000000008071     0x14d5 ./Drivers/STM32F1xx_HAL_Driver/Src/stm32f1xx_hal_tim_ex.o

.debug_abbrev   0x0000000000000000     0x1bda
 .debug_abbrev  0x0000000000000000      0x1a4 ./Core/Src/button.o
 .debug_abbrev  0x00000000000001a4      0x125 ./Core/Src/fsm_automatic.o
 .debug_abbrev  0x00000000000002c9      0x124 ./Core/Src/fsm_manual.o
 .debug_abbrev  0x00000000000003ed      0x14d ./Core/Src/fsm_pedestrian.o
 .debug_abbrev  0x000000000000053a       0xa9 ./Core/Src/global.o
 .debug_abbrev  0x00000000000005e3      0x22c ./Core/Src/main.o
 .debug_abbrev  0x000000000000080f      0x11f ./Core/Src/software_timer.o
 .debug_abbrev  0x000000000000092e      0x1b7 ./Core/Src/stm32f1xx_hal_msp.o
 .debug_abbrev  0x0000000000000ae5      0x176 ./Core/Src/stm32f1xx_it.o
 .debug_abbrev  0x0000000000000c5b      0x14e ./Core/Src/system_stm32f1xx.o
 .debug_abbrev  0x0000000000000da9       0x12 ./Core/Startup/startup_stm32f103c6ux.o
 .debug_abbrev  0x0000000000000dbb      0x1ed ./Drivers/STM32F1xx_HAL_Driver/Src/stm32f1xx_hal.o
 .debug_abbrev  0x0000000000000fa8      0x313 ./Drivers/STM32F1xx_HAL_Driver/Src/stm32f1xx_hal_cortex.o
 .debug_abbrev  0x00000000000012bb      0x1e8 ./Drivers/STM32F1xx_HAL_Driver/Src/stm32f1xx_hal_gpio.o
 .debug_abbrev  0x00000000000014a3      0x273 ./Drivers/STM32F1xx_HAL_Driver/Src/stm32f1xx_hal_rcc.o
 .debug_abbrev  0x0000000000001716      0x25e ./Drivers/STM32F1xx_HAL_Driver/Src/stm32f1xx_hal_tim.o
 .debug_abbrev  0x0000000000001974      0x266 ./Drivers/STM32F1xx_HAL_Driver/Src/stm32f1xx_hal_tim_ex.o

.debug_aranges  0x0000000000000000      0xa58
 .debug_aranges
                0x0000000000000000       0x38 ./Core/Src/button.o
 .debug_aranges
                0x0000000000000038       0x50 ./Core/Src/fsm_automatic.o
 .debug_aranges
                0x0000000000000088       0x20 ./Core/Src/fsm_manual.o
 .debug_aranges
                0x00000000000000a8       0x40 ./Core/Src/fsm_pedestrian.o
 .debug_aranges
                0x00000000000000e8       0x18 ./Core/Src/global.o
 .debug_aranges
                0x0000000000000100       0x48 ./Core/Src/main.o
 .debug_aranges
                0x0000000000000148       0x28 ./Core/Src/software_timer.o
 .debug_aranges
                0x0000000000000170       0x30 ./Core/Src/stm32f1xx_hal_msp.o
 .debug_aranges
                0x00000000000001a0       0x68 ./Core/Src/stm32f1xx_it.o
 .debug_aranges
                0x0000000000000208       0x28 ./Core/Src/system_stm32f1xx.o
 .debug_aranges
                0x0000000000000230       0x28 ./Core/Startup/startup_stm32f103c6ux.o
 .debug_aranges
                0x0000000000000258       0xe0 ./Drivers/STM32F1xx_HAL_Driver/Src/stm32f1xx_hal.o
 .debug_aranges
                0x0000000000000338      0x100 ./Drivers/STM32F1xx_HAL_Driver/Src/stm32f1xx_hal_cortex.o
 .debug_aranges
                0x0000000000000438       0x58 ./Drivers/STM32F1xx_HAL_Driver/Src/stm32f1xx_hal_gpio.o
 .debug_aranges
                0x0000000000000490       0x90 ./Drivers/STM32F1xx_HAL_Driver/Src/stm32f1xx_hal_rcc.o
 .debug_aranges
                0x0000000000000520      0x3d0 ./Drivers/STM32F1xx_HAL_Driver/Src/stm32f1xx_hal_tim.o
 .debug_aranges
                0x00000000000008f0      0x168 ./Drivers/STM32F1xx_HAL_Driver/Src/stm32f1xx_hal_tim_ex.o

.debug_ranges   0x0000000000000000      0x948
 .debug_ranges  0x0000000000000000       0x28 ./Core/Src/button.o
 .debug_ranges  0x0000000000000028       0x40 ./Core/Src/fsm_automatic.o
 .debug_ranges  0x0000000000000068       0x10 ./Core/Src/fsm_manual.o
 .debug_ranges  0x0000000000000078       0x30 ./Core/Src/fsm_pedestrian.o
 .debug_ranges  0x00000000000000a8       0x38 ./Core/Src/main.o
 .debug_ranges  0x00000000000000e0       0x18 ./Core/Src/software_timer.o
 .debug_ranges  0x00000000000000f8       0x20 ./Core/Src/stm32f1xx_hal_msp.o
 .debug_ranges  0x0000000000000118       0x58 ./Core/Src/stm32f1xx_it.o
 .debug_ranges  0x0000000000000170       0x18 ./Core/Src/system_stm32f1xx.o
 .debug_ranges  0x0000000000000188       0x20 ./Core/Startup/startup_stm32f103c6ux.o
 .debug_ranges  0x00000000000001a8       0xd0 ./Drivers/STM32F1xx_HAL_Driver/Src/stm32f1xx_hal.o
 .debug_ranges  0x0000000000000278       0xf0 ./Drivers/STM32F1xx_HAL_Driver/Src/stm32f1xx_hal_cortex.o
 .debug_ranges  0x0000000000000368       0x48 ./Drivers/STM32F1xx_HAL_Driver/Src/stm32f1xx_hal_gpio.o
 .debug_ranges  0x00000000000003b0       0x80 ./Drivers/STM32F1xx_HAL_Driver/Src/stm32f1xx_hal_rcc.o
 .debug_ranges  0x0000000000000430      0x3c0 ./Drivers/STM32F1xx_HAL_Driver/Src/stm32f1xx_hal_tim.o
 .debug_ranges  0x00000000000007f0      0x158 ./Drivers/STM32F1xx_HAL_Driver/Src/stm32f1xx_hal_tim_ex.o

.debug_macro    0x0000000000000000    0x16f78
 .debug_macro   0x0000000000000000      0x1fe ./Core/Src/button.o
 .debug_macro   0x00000000000001fe      0xa9c ./Core/Src/button.o
 .debug_macro   0x0000000000000c9a      0x215 ./Core/Src/button.o
 .debug_macro   0x0000000000000eaf       0x2e ./Core/Src/button.o
 .debug_macro   0x0000000000000edd       0x22 ./Core/Src/button.o
 .debug_macro   0x0000000000000eff       0x22 ./Core/Src/button.o
 .debug_macro   0x0000000000000f21       0x8e ./Core/Src/button.o
 .debug_macro   0x0000000000000faf       0x51 ./Core/Src/button.o
 .debug_macro   0x0000000000001000      0x103 ./Core/Src/button.o
 .debug_macro   0x0000000000001103       0x6a ./Core/Src/button.o
 .debug_macro   0x000000000000116d      0x1df ./Core/Src/button.o
 .debug_macro   0x000000000000134c       0x1c ./Core/Src/button.o
 .debug_macro   0x0000000000001368       0x22 ./Core/Src/button.o
 .debug_macro   0x000000000000138a       0xc3 ./Core/Src/button.o
 .debug_macro   0x000000000000144d      0xd23 ./Core/Src/button.o
 .debug_macro   0x0000000000002170     0xde75 ./Core/Src/button.o
 .debug_macro   0x000000000000ffe5       0x6d ./Core/Src/button.o
 .debug_macro   0x0000000000010052     0x3468 ./Core/Src/button.o
 .debug_macro   0x00000000000134ba      0x174 ./Core/Src/button.o
 .debug_macro   0x000000000001362e       0x5c ./Core/Src/button.o
 .debug_macro   0x000000000001368a      0x5be ./Core/Src/button.o
 .debug_macro   0x0000000000013c48      0x1b7 ./Core/Src/button.o
 .debug_macro   0x0000000000013dff      0x1cb ./Core/Src/button.o
 .debug_macro   0x0000000000013fca      0x114 ./Core/Src/button.o
 .debug_macro   0x00000000000140de      0x1b2 ./Core/Src/button.o
 .debug_macro   0x0000000000014290       0x27 ./Core/Src/button.o
 .debug_macro   0x00000000000142b7      0x12f ./Core/Src/button.o
 .debug_macro   0x00000000000143e6      0x1bc ./Core/Src/button.o
 .debug_macro   0x00000000000145a2       0x34 ./Core/Src/button.o
 .debug_macro   0x00000000000145d6       0x3c ./Core/Src/button.o
 .debug_macro   0x0000000000014612       0x57 ./Core/Src/button.o
 .debug_macro   0x0000000000014669       0x88 ./Core/Src/button.o
 .debug_macro   0x00000000000146f1      0x183 ./Core/Src/button.o
 .debug_macro   0x0000000000014874      0x141 ./Core/Src/button.o
 .debug_macro   0x00000000000149b5      0x8d1 ./Core/Src/button.o
 .debug_macro   0x0000000000015286       0x69 ./Core/Src/button.o
 .debug_macro   0x00000000000152ef       0xd0 ./Core/Src/button.o
 .debug_macro   0x00000000000153bf       0x10 ./Core/Src/button.o
 .debug_macro   0x00000000000153cf       0x58 ./Core/Src/button.o
 .debug_macro   0x0000000000015427       0x16 ./Core/Src/button.o
 .debug_macro   0x000000000001543d      0x1fe ./Core/Src/fsm_automatic.o
 .debug_macro   0x000000000001563b      0x1fe ./Core/Src/fsm_manual.o
 .debug_macro   0x0000000000015839      0x1fe ./Core/Src/fsm_pedestrian.o
 .debug_macro   0x0000000000015a37      0x1fa ./Core/Src/global.o
 .debug_macro   0x0000000000015c31      0x21a ./Core/Src/main.o
 .debug_macro   0x0000000000015e4b      0x20b ./Core/Src/software_timer.o
 .debug_macro   0x0000000000016056      0x1a7 ./Core/Src/stm32f1xx_hal_msp.o
 .debug_macro   0x00000000000161fd      0x1b1 ./Core/Src/stm32f1xx_it.o
 .debug_macro   0x00000000000163ae      0x198 ./Core/Src/system_stm32f1xx.o
 .debug_macro   0x0000000000016546      0x1bc ./Drivers/STM32F1xx_HAL_Driver/Src/stm32f1xx_hal.o
 .debug_macro   0x0000000000016702      0x198 ./Drivers/STM32F1xx_HAL_Driver/Src/stm32f1xx_hal_cortex.o
 .debug_macro   0x000000000001689a      0x203 ./Drivers/STM32F1xx_HAL_Driver/Src/stm32f1xx_hal_gpio.o
 .debug_macro   0x0000000000016a9d      0x1aa ./Drivers/STM32F1xx_HAL_Driver/Src/stm32f1xx_hal_rcc.o
 .debug_macro   0x0000000000016c47      0x199 ./Drivers/STM32F1xx_HAL_Driver/Src/stm32f1xx_hal_tim.o
 .debug_macro   0x0000000000016de0      0x198 ./Drivers/STM32F1xx_HAL_Driver/Src/stm32f1xx_hal_tim_ex.o

.debug_line     0x0000000000000000     0xc003
 .debug_line    0x0000000000000000      0x80f ./Core/Src/button.o
 .debug_line    0x000000000000080f      0x90b ./Core/Src/fsm_automatic.o
 .debug_line    0x000000000000111a      0x754 ./Core/Src/fsm_manual.o
 .debug_line    0x000000000000186e      0x74d ./Core/Src/fsm_pedestrian.o
 .debug_line    0x0000000000001fbb      0x6b5 ./Core/Src/global.o
 .debug_line    0x0000000000002670      0x807 ./Core/Src/main.o
 .debug_line    0x0000000000002e77      0x717 ./Core/Src/software_timer.o
 .debug_line    0x000000000000358e      0x6a1 ./Core/Src/stm32f1xx_hal_msp.o
 .debug_line    0x0000000000003c2f      0x73f ./Core/Src/stm32f1xx_it.o
 .debug_line    0x000000000000436e      0x6e3 ./Core/Src/system_stm32f1xx.o
 .debug_line    0x0000000000004a51       0x87 ./Core/Startup/startup_stm32f103c6ux.o
 .debug_line    0x0000000000004ad8      0x910 ./Drivers/STM32F1xx_HAL_Driver/Src/stm32f1xx_hal.o
 .debug_line    0x00000000000053e8      0xaf8 ./Drivers/STM32F1xx_HAL_Driver/Src/stm32f1xx_hal_cortex.o
 .debug_line    0x0000000000005ee0      0x991 ./Drivers/STM32F1xx_HAL_Driver/Src/stm32f1xx_hal_gpio.o
 .debug_line    0x0000000000006871      0xd1e ./Drivers/STM32F1xx_HAL_Driver/Src/stm32f1xx_hal_rcc.o
 .debug_line    0x000000000000758f     0x326e ./Drivers/STM32F1xx_HAL_Driver/Src/stm32f1xx_hal_tim.o
 .debug_line    0x000000000000a7fd     0x1806 ./Drivers/STM32F1xx_HAL_Driver/Src/stm32f1xx_hal_tim_ex.o

.debug_str      0x0000000000000000    0x82220
 .debug_str     0x0000000000000000    0x7f783 ./Core/Src/button.o
                                      0x7fadd (size before relaxing)
 .debug_str     0x000000000007f783       0x74 ./Core/Src/fsm_automatic.o
                                      0x7fad6 (size before relaxing)
 .debug_str     0x000000000007f7f7       0x28 ./Core/Src/fsm_manual.o
                                      0x7fa7c (size before relaxing)
 .debug_str     0x000000000007f81f       0x6f ./Core/Src/fsm_pedestrian.o
                                      0x7fadf (size before relaxing)
 .debug_str     0x000000000007f88e       0x15 ./Core/Src/global.o
                                      0x7fa2a (size before relaxing)
 .debug_str     0x000000000007f8a3      0x6df ./Core/Src/main.o
                                      0x801eb (size before relaxing)
 .debug_str     0x000000000007ff82       0x5c ./Core/Src/software_timer.o
                                      0x7fa71 (size before relaxing)
 .debug_str     0x000000000007ffde      0x2ba ./Core/Src/stm32f1xx_hal_msp.o
                                      0x8001c (size before relaxing)
 .debug_str     0x0000000000080298       0xcd ./Core/Src/stm32f1xx_it.o
                                      0x7fd7e (size before relaxing)
 .debug_str     0x0000000000080365       0x52 ./Core/Src/system_stm32f1xx.o
                                      0x7f515 (size before relaxing)
 .debug_str     0x00000000000803b7       0x36 ./Core/Startup/startup_stm32f103c6ux.o
                                         0x80 (size before relaxing)
 .debug_str     0x00000000000803ed      0x304 ./Drivers/STM32F1xx_HAL_Driver/Src/stm32f1xx_hal.o
                                      0x7fb6c (size before relaxing)
 .debug_str     0x00000000000806f1      0x300 ./Drivers/STM32F1xx_HAL_Driver/Src/stm32f1xx_hal_cortex.o
                                      0x7fb74 (size before relaxing)
 .debug_str     0x00000000000809f1      0x324 ./Drivers/STM32F1xx_HAL_Driver/Src/stm32f1xx_hal_gpio.o
                                      0x7f8d9 (size before relaxing)
 .debug_str     0x0000000000080d15      0x24f ./Drivers/STM32F1xx_HAL_Driver/Src/stm32f1xx_hal_rcc.o
                                      0x7f912 (size before relaxing)
 .debug_str     0x0000000000080f64      0xdce ./Drivers/STM32F1xx_HAL_Driver/Src/stm32f1xx_hal_tim.o
                                      0x808e4 (size before relaxing)
 .debug_str     0x0000000000081d32      0x4ee ./Drivers/STM32F1xx_HAL_Driver/Src/stm32f1xx_hal_tim_ex.o
                                      0x80095 (size before relaxing)

.comment        0x0000000000000000       0x53
 .comment       0x0000000000000000       0x53 ./Core/Src/button.o
                                         0x54 (size before relaxing)
 .comment       0x0000000000000053       0x54 ./Core/Src/fsm_automatic.o
 .comment       0x0000000000000053       0x54 ./Core/Src/fsm_manual.o
 .comment       0x0000000000000053       0x54 ./Core/Src/fsm_pedestrian.o
 .comment       0x0000000000000053       0x54 ./Core/Src/global.o
 .comment       0x0000000000000053       0x54 ./Core/Src/main.o
 .comment       0x0000000000000053       0x54 ./Core/Src/software_timer.o
 .comment       0x0000000000000053       0x54 ./Core/Src/stm32f1xx_hal_msp.o
 .comment       0x0000000000000053       0x54 ./Core/Src/stm32f1xx_it.o
 .comment       0x0000000000000053       0x54 ./Core/Src/system_stm32f1xx.o
 .comment       0x0000000000000053       0x54 ./Drivers/STM32F1xx_HAL_Driver/Src/stm32f1xx_hal.o
 .comment       0x0000000000000053       0x54 ./Drivers/STM32F1xx_HAL_Driver/Src/stm32f1xx_hal_cortex.o
 .comment       0x0000000000000053       0x54 ./Drivers/STM32F1xx_HAL_Driver/Src/stm32f1xx_hal_gpio.o
 .comment       0x0000000000000053       0x54 ./Drivers/STM32F1xx_HAL_Driver/Src/stm32f1xx_hal_rcc.o
 .comment       0x0000000000000053       0x54 ./Drivers/STM32F1xx_HAL_Driver/Src/stm32f1xx_hal_tim.o
 .comment       0x0000000000000053       0x54 ./Drivers/STM32F1xx_HAL_Driver/Src/stm32f1xx_hal_tim_ex.o

.debug_frame    0x0000000000000000     0x2884
 .debug_frame   0x0000000000000000       0xac ./Core/Src/button.o
 .debug_frame   0x00000000000000ac       0xe0 ./Core/Src/fsm_automatic.o
 .debug_frame   0x000000000000018c       0x2c ./Core/Src/fsm_manual.o
 .debug_frame   0x00000000000001b8       0xa0 ./Core/Src/fsm_pedestrian.o
 .debug_frame   0x0000000000000258       0xd4 ./Core/Src/main.o
 .debug_frame   0x000000000000032c       0x60 ./Core/Src/software_timer.o
 .debug_frame   0x000000000000038c       0x80 ./Core/Src/stm32f1xx_hal_msp.o
 .debug_frame   0x000000000000040c      0x120 ./Core/Src/stm32f1xx_it.o
 .debug_frame   0x000000000000052c       0x58 ./Core/Src/system_stm32f1xx.o
 .debug_frame   0x0000000000000584      0x334 ./Drivers/STM32F1xx_HAL_Driver/Src/stm32f1xx_hal.o
 .debug_frame   0x00000000000008b8      0x428 ./Drivers/STM32F1xx_HAL_Driver/Src/stm32f1xx_hal_cortex.o
 .debug_frame   0x0000000000000ce0      0x14c ./Drivers/STM32F1xx_HAL_Driver/Src/stm32f1xx_hal_gpio.o
 .debug_frame   0x0000000000000e2c      0x21c ./Drivers/STM32F1xx_HAL_Driver/Src/stm32f1xx_hal_rcc.o
 .debug_frame   0x0000000000001048     0x11b8 ./Drivers/STM32F1xx_HAL_Driver/Src/stm32f1xx_hal_tim.o
 .debug_frame   0x0000000000002200      0x638 ./Drivers/STM32F1xx_HAL_Driver/Src/stm32f1xx_hal_tim_ex.o
 .debug_frame   0x0000000000002838       0x2c c:/st/stm32cubeide_1.7.0/stm32cubeide/plugins/com.st.stm32cube.ide.mcu.externaltools.gnu-tools-for-stm32.9-2020-q2-update.win32_2.0.0.202105311346/tools/bin/../lib/gcc/arm-none-eabi/9.3.1/../../../../arm-none-eabi/lib/thumb/v7-m/nofp\libc_nano.a(lib_a-init.o)
 .debug_frame   0x0000000000002864       0x20 c:/st/stm32cubeide_1.7.0/stm32cubeide/plugins/com.st.stm32cube.ide.mcu.externaltools.gnu-tools-for-stm32.9-2020-q2-update.win32_2.0.0.202105311346/tools/bin/../lib/gcc/arm-none-eabi/9.3.1/../../../../arm-none-eabi/lib/thumb/v7-m/nofp\libc_nano.a(lib_a-memset.o)
